../Core/Src/main.c:191:5:main	16	static
../Core/Src/main.c:452:6:SystemClock_Config	88	static
../Core/Src/main.c:500:13:MX_I2C1_Init	8	static
../Core/Src/main.c:534:13:MX_SPI1_Init	8	static
../Core/Src/main.c:572:13:MX_USART1_UART_Init	8	static
../Core/Src/main.c:605:13:MX_GPIO_Init	40	static
../Core/Src/main.c:649:7:complexABS	16	static
../Core/Src/main.c:661:6:StartAccelerometer	18488	static
../Core/Src/main.c:811:6:StartHumidity	40	static
../Core/Src/main.c:854:6:StartTemperature	48	static
../Core/Src/main.c:907:6:StartUART	112	static
../Core/Src/main.c:932:6:HAL_TIM_PeriodElapsedCallback	16	static
../Core/Src/main.c:949:6:Error_Handler	4	static,ignoring_inline_asm
