../Core/Src/main.c:191:5:main	16	static
../Core/Src/main.c:439:6:SystemClock_Config	88	static
../Core/Src/main.c:487:13:MX_I2C1_Init	8	static
../Core/Src/main.c:521:13:MX_SPI1_Init	8	static
../Core/Src/main.c:559:13:MX_USART1_UART_Init	8	static
../Core/Src/main.c:592:13:MX_GPIO_Init	40	static
../Core/Src/main.c:636:7:complexABS	16	static
../Core/Src/main.c:648:6:StartAccelerometer	18488	static
../Core/Src/main.c:798:6:StartHumidity	40	static
../Core/Src/main.c:841:6:StartTemperature	48	static
../Core/Src/main.c:894:6:StartUART	112	static
../Core/Src/main.c:919:6:HAL_TIM_PeriodElapsedCallback	16	static
../Core/Src/main.c:936:6:Error_Handler	4	static,ignoring_inline_asm
